- Generating browser application bundles (phase: setup)...
    TypeScript compiler options "target" and "useDefineForClassFields" are set to "ES2022" and "false" respectively by the Angular CLI. To control ECMA version and features use the Browserslist configuration. For more information, see https://angular.dev/tools/cli/build#configuring-browser-compatibility
    NOTE: You can set the "target" to "ES2022" in the project's tsconfig to remove this warning.
✔ Browser application bundle generation complete.
✔ Browser application bundle generation complete.
- Copying assets...
✔ Copying assets complete.
- Generating index html...
✔ Index html generation complete.

Initial chunk files           | Names                                               |  Raw size | Estimated transfer size
main.c93a5505968dcffa.js      | main                                                |   1.53 MB |               363.44 kB
styles.32e267230f96e319.css   | styles                                              | 267.62 kB |                29.46 kB
polyfills.c9876634bb5280bf.js | polyfills                                           |  35.42 kB |                11.57 kB
runtime.94fa76dde84b2e69.js   | runtime                                             |   3.38 kB |                 1.62 kB

                              | Initial total                                       |   1.83 MB |               406.09 kB

Lazy chunk files              | Names                                               |  Raw size | Estimated transfer size
590.69f6733a2ddbb7c7.js       | components-tracker-tracker-module                   | 776.17 kB |               215.78 kB
546.edb2f76cb0b130c8.js       | components-tracker-tracker-module                   | 351.07 kB |                65.81 kB
877.766c9ff5a159b0e9.js       | app-lightning-lightning-module                      | 254.55 kB |                41.91 kB
245.436198f50119b54c.js       | components-tracker-tracker-module                   | 237.68 kB |                51.53 kB
791.06aea93924366557.js       | app-liquid-liquid-master-page-module                |  83.40 kB |                16.08 kB
469.11be339263132cc0.js       | components-block-block-module                       |  77.67 kB |                16.43 kB
213.d96a9762abb57b9a.js       | app-bitcoin-graphs-module                           |  76.55 kB |                16.43 kB
328.d221b1db78ce462f.js       | app-previews-module                                 |  55.23 kB |                12.90 kB
787.24df398b31bb8918.js       | components-tracker-tracker-module                   |  55.03 kB |                11.35 kB
553.608d402e022e3a05.js       | app-master-page-module                              |  55.02 kB |                12.52 kB
992.d1b0541e2b9c7bdb.js       | app-master-page-module                              |  54.52 kB |                13.80 kB
638.a82a860c7bab8970.js       | components-tracker-tracker-module                   |  42.03 kB |                10.43 kB
685.7a8b39a74f80c52d.js       | app-bitcoin-graphs-module                           |  37.61 kB |                 7.94 kB
411.d7e9f898be86787b.js       | app-lightning-lightning-previews-module             |  29.29 kB |                 6.78 kB
417.3c72485b57307ce4.js       | app-master-page-module                              |  28.32 kB |                 7.30 kB
39.cd6a745ae817d0d1.js        | app-liquid-liquid-graphs-module                     |  17.76 kB |                 3.99 kB
649.60e47627a0981a63.js       | app-master-page-module                              |  15.23 kB |                 4.22 kB
533.6f7f679250b2afef.js       | app-master-page-module                              |  13.70 kB |                 4.10 kB
950.94550c4b7dc4354f.js       | components-tracker-tracker-module                   |  13.46 kB |                 3.78 kB
481.9d5ade7f8c51b5e0.js       | app-docs-docs-module                                |   6.15 kB |                 2.12 kB
653.7af85316f1a9e2dc.js       | components-block-block-module                       |   4.58 kB |                 1.71 kB
574.5e19a56ed5d0c21d.js       | components-trademark-policy-trademark-policy-module |   4.02 kB |                 1.27 kB
794.2df788f0acd3ef13.js       | components-terms-of-service-terms-of-service-module |   3.61 kB |                 1.29 kB
925.ddc31cfce0821cc1.js       | components-about-about-module                       |   3.56 kB |                 1.25 kB
191.21d4a5c349f695c4.js       | components-privacy-policy-privacy-policy-module     |   3.35 kB |                 1.24 kB
79.78dd350dea1a44f5.js        | app-bitcoin-graphs-module                           |   1.82 kB |               767 bytes
286.7c6c1d649e81da84.js       | components-transaction-libwally-js                  |   1.68 kB |               732 bytes
393.d0330b8a0e15e186.js       | app-liquid-liquid-graphs-module                     | 712 bytes |               353 bytes

Build at: 2026-09-25T06:00:28.172Z - Hash: 79a8d2d2aec1cc0e - Time: 20722ms

Warning: /tmp/dash-production-check/frontend/src/app/components/acceleration-timeline/acceleration-timeline.component.scss exceeded maximum budget. Budget 6.00 kB was not met by 832 bytes with a total of 6.83 kB.

Warning: /tmp/dash-production-check/frontend/src/app/components/custom-dashboard/custom-dashboard.component.scss exceeded maximum budget. Budget 6.00 kB was not met by 1.59 kB with a total of 7.59 kB.

Warning: /tmp/dash-production-check/frontend/src/app/components/search-form/search-form.component.scss exceeded maximum budget. Budget 6.00 kB was not met by 759 bytes with a total of 6.76 kB.

Warning: /tmp/dash-production-check/frontend/src/app/components/transactions-list/transactions-list.component.scss exceeded maximum budget. Budget 6.00 kB was not met by 1.07 kB with a total of 7.07 kB.

Warning: /tmp/dash-production-check/frontend/src/app/dashboard/dashboard.component.scss exceeded maximum budget. Budget 6.00 kB was not met by 215 bytes with a total of 6.21 kB.

Warning: /tmp/dash-production-check/frontend/src/app/docs/api-docs/api-docs.component.scss exceeded maximum budget. Budget 6.00 kB was not met by 1.22 kB with a total of 7.21 kB.


